Microchip MPLAB XC8 Compiler V2.40

Linker command line:

-W-3 \
  --edf=C:\Program Files\Microchip\xc8\v2.40\pic\dat\20220703182018_en.msgs \
  -cn \
  -h+dist/XC8_18F1220/production\trafficator-light-module-c18.X.production.sym \
  --cmf=dist/XC8_18F1220/production\trafficator-light-module-c18.X.production.cmf \
  -z -Q18F1320 -oC:\Users\LENOVO\AppData\Local\Temp\xcAslv8.4 \
  --defsym=__MPLAB_BUILD=1 --fixupoverflow=error \
  -Mdist/XC8_18F1220/production/trafficator-light-module-c18.X.production.map \
  --md=C:\Users\LENOVO\AppData\Local\Temp\xcAslv8.dat -E1 -ver=XC8 Compiler \
  --acfsm=1493 -ACODE=00h-01FFFh -ACONST=00h-01FFFh \
  -ASMALLCONST=0100h-01FFhx31 -AMEDIUMCONST=0100h-01FFFh -ACOMRAM=01h-07Fh \
  -AABS1=00h-0FFh -ABIGRAM=01h-0FFh -ARAM=080h-0FFh -ABANK0=080h-0FFh \
  -ASFR=0F80h-0FFFh -ABIGSFR=0F80h-0FFFh -ACONFIG=0300000h-030000Dh \
  -AIDLOC=0200000h-0200007h -AEEDATA=0F00000h-0F000FFh -peeprom_data=EEDATA \
  -preset_vec=00h,intcode=08h,intcodelo=018h,powerup,init -pramtop=0100h \
  -psmallconst=SMALLCONST -pmediumconst=MEDIUMCONST -pconst=CONST \
  -AFARRAM=00h-00h \
  -prdata=COMRAM,nvrram=COMRAM,nvbit=COMRAM,rbss=COMRAM,rbit=COMRAM \
  -pfarbss=FARRAM,fardata=FARRAM,nvFARRAM=FARRAM \
  -pintsave_regs=BIGRAM,bigbss=BIGRAM,bigdata=BIGRAM -pbss=RAM \
  -pidata=CODE,irdata=CODE,ibigdata=CODE,ifardata=CODE -prparam=COMRAM \
  C:\Users\LENOVO\AppData\Local\Temp\xcAslv8.o \
  dist/XC8_18F1220/production\trafficator-light-module-c18.X.production.o 

Object code version is 3.11

Machine type is 18F1320



                Name                               Link     Load   Length Selector   Space Scale
C:\Users\LENOVO\AppData\Local\Temp\xcAslv8.o
                idloc                            200000   200000        8        0       5
                config                           300000   300000        E        0       4
                init                                 26       26        4        C       0
                reset_vec                             0        0        6        0       0
dist/XC8_18F1220/production\trafficator-light-module-c18.X.production.o
                intcodelo                            18       18        E        C       0
                intcode                               8        8        6        4       0
                idloc                            200000   200000        8        0       5
                config                           300000   300000        E        0       4
                temp                                 2F       2F        1        1       1
                intcode_body                        5D0      5D0        4        C       0
                text9                               4B6      4B6       94        C       0
                text8                               422      422       94        C       0
                text7                               57A      57A       28        C       0
                text6                               216      216       C4        C       0
                text5                                2A       2A      124        C       0
                text4                               5BC      5BC       14        C       0
                text3                               54A      54A       30        C       0
                text2                               2DA      2DA       A8        C       0
                text1                               382      382       A0        C       0
                text0                               14E      14E       C8        C       0
                cstackCOMRAM                          1        1       24        1       1
                bssCOMRAM                            25       25        A        1       1
                cinit                               5A2      5A2       1A        C       0

TOTAL           Name                               Link     Load   Length     Space
        CLASS   CODE           
                intcodelo                            18       18        E         0
                intcode                               8        8        6         0
                init                                 26       26        4         0
                reset_vec                             0        0        6         0
                intcode_body                        5D0      5D0        4         0
                text9                               4B6      4B6       94         0
                text8                               422      422       94         0
                text7                               57A      57A       28         0
                text6                               216      216       C4         0
                text5                                2A       2A      124         0
                text4                               5BC      5BC       14         0
                text3                               54A      54A       30         0
                text2                               2DA      2DA       A8         0
                text1                               382      382       A0         0
                text0                               14E      14E       C8         0
                cinit                               5A2      5A2       1A         0

        CLASS   CONST          

        CLASS   SMALLCONST     

        CLASS   MEDIUMCONST    

        CLASS   COMRAM         
                temp                                 2F       2F        1         1
                cstackCOMRAM                          1        1       24         1
                bssCOMRAM                            25       25        A         1

        CLASS   ABS1           

        CLASS   BIGRAM         

        CLASS   RAM            

        CLASS   BANK0          

        CLASS   SFR            

        CLASS   BIGSFR         

        CLASS   CONFIG         
                config                           300000   300000        E         4

        CLASS   IDLOC          
                idloc                            200000   200000        8         5

        CLASS   EEDATA         

        CLASS   FARRAM         

        CLASS   HEAP           

        CLASS   STACK          



SEGMENTS        Name                           Load    Length   Top    Selector   Space  Class

                reset_vec                      000000  000006  000006         0       0  CODE    
                cstackCOMRAM                   000001  00002F  000030         1       1  COMRAM  
                intcode                        000008  000006  00000E         4       0  CODE    
                intcodelo                      000018  0005BC  0005D4         C       0  CODE    


UNUSED ADDRESS RANGES

        Name                Unused          Largest block    Delta
        BANK0            000080-0000FF               80
        BIGRAM           000030-0000FF               D0
        BIGSFR           000F80-000FFF               80
        CODE             000006-000007                2
                         00000E-000017                A
                         0005D4-001FFF             1A2C
        COMRAM           000030-00007F               50
        CONST            000006-000007                2
                         00000E-000017                A
                         0005D4-001FFF             1A2C
        EEDATA           F00000-F000FF              100
        MEDIUMCONST      0005D4-001FFF             1A2C
        RAM              000080-0000FF               80
        SFR              000F80-000FFF               80
        SMALLCONST       0005D4-001FFF              100

                                  Symbol Table

?_GetADCValue               cstackCOMRAM 00000A
?_GetCurrentValue           cstackCOMRAM 000013
?___awdiv                   cstackCOMRAM 000002
GetADCValue@Channel         cstackCOMRAM 00000E
GetADCValue@temp_1          cstackCOMRAM 00000F
GetADCValue@temp_2          cstackCOMRAM 000011
GetCurrentValue@V_in_value  cstackCOMRAM 000015
GetCurrentValue@V_out_value cstackCOMRAM 000017
InitADC@Channel             cstackCOMRAM 000002
Turn_49A@Current_value      cstackCOMRAM 00001B
_ADCON0                     (abs)        000FC2
_ADCON1                     (abs)        000FC1
_ADCON2                     (abs)        000FC0
_ADRESH                     (abs)        000FC4
_ADRESL                     (abs)        000FC3
_AddLeftBlinks              text9        0004B6
_AddRightBlinks             text8        000422
_GO_nDONE                   (abs)        007E11
_GetADCValue                text5        00002A
_GetCurrentValue            text3        00054A
_GetDirection               text2        0002DA
_InitADC                    text4        0005BC
_L_ch_in_value              bssCOMRAM    000029
_PORTAbits                  (abs)        000F80
_PORTBbits                  (abs)        000F81
_R_ch_in_value              bssCOMRAM    00002B
_ReversOn                   text7        00057A
_Turn_49A                   text1        000382
_V_in_value                 bssCOMRAM    000027
_V_out_value                bssCOMRAM    000025
__HRAM                      (abs)        000000
__Habs1                     abs1         000000
__Hbank0                    bank0        000000
__Hbigbss                   bigbss       000000
__Hbigdata                  bigdata      000000
__Hbigram                   bigram       000000
__Hbigsfr                   bigsfr       000000
__Hbss                      bss          000000
__HbssCOMRAM                bssCOMRAM    000000
__Hcinit                    cinit        000000
__Hclrtext                  clrtext      000000
__Hcomram                   comram       000000
__Hconfig                   config       30000E
__Hconst                    const        000000
__HcstackCOMRAM             cstackCOMRAM 000000
__Hdata                     data         000000
__Heeprom_data              eeprom_data  000000
__Hfarbss                   farbss       000000
__Hfardata                  fardata      000000
__Hheap                     heap         000000
__Hibigdata                 ibigdata     000000
__Hidata                    idata        000000
__Hidloc                    idloc        200008
__Hifardata                 ifardata     000000
__Hinit                     init         00002A
__Hintcode                  intcode      00000E
__Hintcode_body             intcode_body 000000
__Hintcodelo                intcodelo    000026
__Hintentry                 intentry     000000
__Hintret                   intret       000000
__Hintsave_regs             intsave_regs 000000
__Hirdata                   irdata       000000
__Hmediumconst              mediumconst  000000
__HnvFARRAM                 nvFARRAM     000000
__Hnvbit                    nvbit        000000
__Hnvrram                   nvrram       000000
__Hparam                    rparam       000000
__Hpowerup                  powerup      000026
__Hram                      ram          000000
__Hramtop                   ramtop       000100
__Hrbit                     rbit         000000
__Hrbss                     rbss         000000
__Hrdata                    rdata        000000
__Hreset_vec                reset_vec    000006
__Hrparam                   rparam       000000
__Hsfr                      sfr          000000
__Hsmallconst               smallconst   000000
__Hspace_0                  (abs)        0005D4
__Hspace_1                  (abs)        000030
__Hspace_2                  (abs)        000000
__Hspace_4                  (abs)        60000E
__Hstack                    stack        000000
__Hstruct                   struct       000000
__Htemp                     temp         000030
__Htext                     text         000000
__Htext0                    text0        000000
__Htext1                    text1        000000
__Htext2                    text2        000000
__Htext3                    text3        000000
__Htext4                    text4        000000
__Htext5                    text5        000000
__Htext6                    text6        000000
__Htext7                    text7        000000
__Htext8                    text8        000000
__Htext9                    text9        000000
__LRAM                      (abs)        000001
__Labs1                     abs1         000000
__Lbank0                    bank0        000000
__Lbigbss                   bigbss       000000
__Lbigdata                  bigdata      000000
__Lbigram                   bigram       000000
__Lbigsfr                   bigsfr       000000
__Lbss                      bss          000000
__LbssCOMRAM                bssCOMRAM    000000
__Lcinit                    cinit        000000
__Lclrtext                  clrtext      000000
__Lcomram                   comram       000000
__Lconfig                   config       000000
__Lconst                    const        000000
__LcstackCOMRAM             cstackCOMRAM 000000
__Ldata                     data         000000
__Leeprom_data              eeprom_data  000000
__Lfarbss                   farbss       000000
__Lfardata                  fardata      000000
__Lheap                     heap         000000
__Libigdata                 ibigdata     000000
__Lidata                    idata        000000
__Lidloc                    idloc        000000
__Lifardata                 ifardata     000000
__Linit                     init         000026
__Lintcode                  intcode      000008
__Lintcode_body             intcode_body 000000
__Lintcodelo                intcodelo    000018
__Lintentry                 intentry     000000
__Lintret                   intret       000000
__Lintsave_regs             intsave_regs 000000
__Lirdata                   irdata       000000
__Lmediumconst              mediumconst  000000
__LnvFARRAM                 nvFARRAM     000000
__Lnvbit                    nvbit        000000
__Lnvrram                   nvrram       000000
__Lparam                    rparam       000000
__Lpowerup                  powerup      000026
__Lram                      ram          000000
__Lramtop                   ramtop       000100
__Lrbit                     rbit         000000
__Lrbss                     rbss         000000
__Lrdata                    rdata        000000
__Lreset_vec                reset_vec    000000
__Lrparam                   rparam       000000
__Lsfr                      sfr          000000
__Lsmallconst               smallconst   000000
__Lspace_0                  (abs)        000000
__Lspace_1                  (abs)        000000
__Lspace_2                  (abs)        000000
__Lspace_4                  (abs)        000000
__Lstack                    stack        000000
__Lstruct                   struct       000000
__Ltemp                     temp         00002F
__Ltext                     text         000000
__Ltext0                    text0        000000
__Ltext1                    text1        000000
__Ltext2                    text2        000000
__Ltext3                    text3        000000
__Ltext4                    text4        000000
__Ltext5                    text5        000000
__Ltext6                    text6        000000
__Ltext7                    text7        000000
__Ltext8                    text8        000000
__Ltext9                    text9        000000
__S0                        (abs)        0005D4
__S1                        (abs)        000030
__S4                        (abs)        000000
__S5                        (abs)        000000
___awdiv                    text6        000216
___awdiv@counter            cstackCOMRAM 000006
___awdiv@dividend           cstackCOMRAM 000002
___awdiv@divisor            cstackCOMRAM 000004
___awdiv@quotient           cstackCOMRAM 000008
___awdiv@sign               cstackCOMRAM 000007
___heap_hi                  (abs)        000000
___heap_lo                  (abs)        000000
___inthi_sp                 stack        000000
___intlo_sp                 stack        000000
___param_bank               (abs)        000000
___rparam_used              (abs)        000001
___sp                       stack        000000
__accesstop                 (abs)        000080
__activetblptr              (abs)        000002
__end_of_AddLeftBlinks      text9        00054A
__end_of_AddRightBlinks     text8        0004B6
__end_of_GetADCValue        text5        00014E
__end_of_GetCurrentValue    text3        00057A
__end_of_GetDirection       text2        000382
__end_of_InitADC            text4        0005D0
__end_of_ReversOn           text7        0005A2
__end_of_Turn_49A           text1        000422
__end_of___awdiv            text6        0002DA
__end_of__initialization    cinit        0005AE
__end_of_high_isr           intcode_body 0005D4
__end_of_low_isr            intcodelo    000026
__end_of_main               text0        000216
__initialization            cinit        0005A2
__mediumconst               mediumconst  000000
__pbssCOMRAM                bssCOMRAM    000025
__pcinit                    cinit        0005A2
__pcstackCOMRAM             cstackCOMRAM 000001
__pintcode                  intcode      000008
__pintcode_body             intcode_body 0005D0
__pintcodelo                intcodelo    000018
__ptext0                    text0        00014E
__ptext1                    text1        000382
__ptext2                    text2        0002DA
__ptext3                    text3        00054A
__ptext4                    text4        0005BC
__ptext5                    text5        00002A
__ptext6                    text6        000216
__ptext7                    text7        00057A
__ptext8                    text8        000422
__ptext9                    text9        0004B6
__ramtop                    ramtop       000100
__smallconst                smallconst   000000
_high_isr                   intcode      000008
_low_isr                    intcodelo    000018
_main                       text0        00014E
_wasTurningLeft             bssCOMRAM    00002D
_wasTurningRight            bssCOMRAM    00002E
btemp                       temp         00002F
end_of_initialization       cinit        0005AE
int$flags                   temp         00002F
int_func                    intcode_body 0005D0
intlevel0                   text         000000
intlevel1                   text         000000
intlevel2                   text         000000
intlevel3                   text         000000
isa$std                     (abs)        000001
isa$xinst                   (abs)        000000
main@L_ch_in_value          cstackCOMRAM 00001F
main@R_ch_in_value          cstackCOMRAM 00001D
main@Reverse_in_value       cstackCOMRAM 000023
main@_49A_in_value          cstackCOMRAM 000021
stackhi                     (abs)        000000
stacklo                     (abs)        000000
start                       init         000026
start_initialization        cinit        0005A2
ttemp5                      temp         000030
ttemp6                      temp         000033
ttemp7                      temp         000037
wtemp8                      temp         000030


MODULE INFORMATION

Module		Function		Class		Link	Load	Size
C:\Program Files\Microchip\xc8\v2.40\pic\sources\c99\common\awdiv.c
		___awdiv       		CODE           	0216	0000	196

C:\Program Files\Microchip\xc8\v2.40\pic\sources\c99\common\awdiv.c estimated size: 196

interrupts.c
		_high_isr      		CODE           	0008	0000	10
		_low_isr       		CODE           	0018	0000	14

interrupts.c estimated size: 24

shared
		__initialization		CODE           	05A2	0000	12

shared estimated size: 12

user.c
		_GetCurrentValue		CODE           	054A	0000	48
		_AddLeftBlinks 		CODE           	04B6	0000	148
		_Turn_49A      		CODE           	0382	0000	160
		_InitADC       		CODE           	05BC	0000	20
		_ReversOn      		CODE           	057A	0000	40
		_GetADCValue   		CODE           	002A	0000	292
		_AddRightBlinks		CODE           	0422	0000	148
		_GetDirection  		CODE           	02DA	0000	168

user.c estimated size: 1024

main.c
		_main          		CODE           	014E	0000	200

main.c estimated size: 200

