Microchip MPLAB XC8 Compiler V2.40

Linker command line:

-W-3 \
  --edf=C:\Program Files\Microchip\xc8\v2.40\pic\dat\20220703182018_en.msgs \
  -cn \
  -h+dist/XC8_18F1220/production\trafficator-light-module-c18.X.production.sym \
  --cmf=dist/XC8_18F1220/production\trafficator-light-module-c18.X.production.cmf \
  -z -Q18F1320 -oC:\Users\Al\AppData\Local\Temp\xcAsom4.4 \
  --defsym=__MPLAB_BUILD=1 --fixupoverflow=error \
  -Mdist/XC8_18F1220/production/trafficator-light-module-c18.X.production.map \
  --md=C:\Users\Al\AppData\Local\Temp\xcAsom4.dat -E1 -ver=XC8 Compiler \
  --acfsm=1493 -ACODE=00h-01FFFh -ACONST=00h-01FFFh \
  -ASMALLCONST=0100h-01FFhx31 -AMEDIUMCONST=0100h-01FFFh -ACOMRAM=01h-07Fh \
  -AABS1=00h-0FFh -ABIGRAM=01h-0FFh -ARAM=080h-0FFh -ABANK0=080h-0FFh \
  -ASFR=0F80h-0FFFh -ABIGSFR=0F80h-0FFFh -ACONFIG=0300000h-030000Dh \
  -AIDLOC=0200000h-0200007h -AEEDATA=0F00000h-0F000FFh -peeprom_data=EEDATA \
  -preset_vec=00h,intcode=08h,intcodelo,powerup,init -pramtop=0100h \
  -psmallconst=SMALLCONST -pmediumconst=MEDIUMCONST -pconst=CONST \
  -AFARRAM=00h-00h \
  -prdata=COMRAM,nvrram=COMRAM,nvbit=COMRAM,rbss=COMRAM,rbit=COMRAM \
  -pfarbss=FARRAM,fardata=FARRAM,nvFARRAM=FARRAM \
  -pintsave_regs=BIGRAM,bigbss=BIGRAM,bigdata=BIGRAM -pbss=RAM \
  -pidata=CODE,irdata=CODE,ibigdata=CODE,ifardata=CODE -prparam=COMRAM \
  C:\Users\Al\AppData\Local\Temp\xcAsom4.o \
  dist/XC8_18F1220/production\trafficator-light-module-c18.X.production.o 

Object code version is 3.11

Machine type is 18F1320



                Name                               Link     Load   Length Selector   Space Scale
C:\Users\Al\AppData\Local\Temp\xcAsom4.o
                idloc                            200000   200000        8        0       5
                config                           300000   300000        E        0       4
                init                                 22       22        4        4       0
                reset_vec                             0        0        6        0       0
dist/XC8_18F1220/production\trafficator-light-module-c18.X.production.o
                intcode                               8        8       1A        4       0
                idloc                            200000   200000        8        0       5
                config                           300000   300000        E        0       4
                temp                                 24       24        1        1       1
                mediumconst                        1522     1522      ADE      A91       0
                text11                              26C      26C       A0        4       0
                text10                              1CC      1CC       A0        4       0
                text9                               532      532       1E        4       0
                text8                               510      510       22        4       0
                text7                               4E6      4E6       2A        4       0
                text6                               414      414       5E        4       0
                text5                               472      472       4A        4       0
                text4                               390      390       84        4       0
                text3                                26       26       E6        4       0
                text2                               4BC      4BC       2A        4       0
                text1                               10C      10C       C0        4       0
                text0                               30C      30C       84        4       0
                cstackCOMRAM                          1        1       1F        1       1
                bssCOMRAM                            20       20        4        1       1
                cinit                               550      550       16        4       0

TOTAL           Name                               Link     Load   Length     Space
        CLASS   CODE           
                intcode                               8        8       1A         0
                init                                 22       22        4         0
                reset_vec                             0        0        6         0
                text11                              26C      26C       A0         0
                text10                              1CC      1CC       A0         0
                text9                               532      532       1E         0
                text8                               510      510       22         0
                text7                               4E6      4E6       2A         0
                text6                               414      414       5E         0
                text5                               472      472       4A         0
                text4                               390      390       84         0
                text3                                26       26       E6         0
                text2                               4BC      4BC       2A         0
                text1                               10C      10C       C0         0
                text0                               30C      30C       84         0
                cinit                               550      550       16         0

        CLASS   CONST          

        CLASS   SMALLCONST     

        CLASS   MEDIUMCONST    
                mediumconst                        1522     1522      ADE         0

        CLASS   COMRAM         
                temp                                 24       24        1         1
                cstackCOMRAM                          1        1       1F         1
                bssCOMRAM                            20       20        4         1

        CLASS   ABS1           

        CLASS   BIGRAM         

        CLASS   RAM            

        CLASS   BANK0          

        CLASS   SFR            

        CLASS   BIGSFR         

        CLASS   CONFIG         
                config                           300000   300000        E         4

        CLASS   IDLOC          
                idloc                            200000   200000        8         5

        CLASS   EEDATA         

        CLASS   FARRAM         

        CLASS   HEAP           

        CLASS   STACK          



SEGMENTS        Name                           Load    Length   Top    Selector   Space  Class

                reset_vec                      000000  000006  000006         0       0  CODE    
                cstackCOMRAM                   000001  000024  000025         1       1  COMRAM  
                intcode                        000008  00055E  000566         4       0  CODE    
                mediumconst                    001522  000ADE  002000       A91       0  MEDIUMCO


UNUSED ADDRESS RANGES

        Name                Unused          Largest block    Delta
        BANK0            000080-0000FF               80
        BIGRAM           000025-0000FF               DB
        BIGSFR           000F80-000FFF               80
        CODE             000006-000007                2
                         000566-001521              FBC
        COMRAM           000025-00007F               5B
        CONST            000006-000007                2
                         000566-001521              FBC
        EEDATA           F00000-F000FF              100
        MEDIUMCONST      000566-001521              FBC
        RAM              000080-0000FF               80
        SFR              000F80-000FFF               80
        SMALLCONST       000566-001521              100

                                  Symbol Table

?_GetADCValue               cstackCOMRAM 000009
?_GetCurrentValue           cstackCOMRAM 000012
?___awdiv                   cstackCOMRAM 000001
GetADCValue@Channel         cstackCOMRAM 00000D
GetADCValue@temp_1          cstackCOMRAM 00000E
GetADCValue@temp_2          cstackCOMRAM 000010
GetCurrentValue@V_in_value  cstackCOMRAM 000014
GetCurrentValue@V_out_value cstackCOMRAM 000016
Turn_49A@Current_value      cstackCOMRAM 00001A
_ADCON0                     (abs)        000FC2
_ADCON1                     (abs)        000FC1
_ADCON2                     (abs)        000FC0
_ADRESH                     (abs)        000FC4
_ADRESL                     (abs)        000FC3
_AddLeftBlinks              text11       00026C
_AddRightBlinks             text10       0001CC
_CCP1CON                    (abs)        000FBD
_CCPR1L                     (abs)        000FBE
_DC1B0                      (abs)        007DEC
_DC1B1                      (abs)        007DED
_GIE                        (abs)        007F97
_GO_nDONE                   (abs)        007E11
_GetADCValue                text3        000026
_GetCurrentValue            text2        0004BC
_INTCON                     (abs)        000FF2
_InitApp                    text9        000532
_InitInterrupt              text8        000510
_LATAbits                   (abs)        000F89
_LATBbits                   (abs)        000F8A
_OSCCON                     (abs)        000FD3
_PEIE                       (abs)        007F96
_PR2                        (abs)        000FCB
_ReversOn                   text5        000472
_T0CON                      (abs)        000FD5
_T2CON                      (abs)        000FCA
_TMR2IE                     (abs)        007CE9
_TMR2IF                     (abs)        007CF1
_TMR2ON                     (abs)        007E52
_TRISA                      (abs)        000F92
_TRISB                      (abs)        000F93
_Turn_49A                   text1        00010C
__HRAM                      (abs)        000000
__Habs1                     abs1         000000
__Hbank0                    bank0        000000
__Hbigbss                   bigbss       000000
__Hbigdata                  bigdata      000000
__Hbigram                   bigram       000000
__Hbigsfr                   bigsfr       000000
__Hbss                      bss          000000
__HbssCOMRAM                bssCOMRAM    000000
__Hcinit                    cinit        000000
__Hclrtext                  clrtext      000000
__Hcomram                   comram       000000
__Hconfig                   config       30000E
__Hconst                    const        000000
__HcstackCOMRAM             cstackCOMRAM 000000
__Hdata                     data         000000
__Heeprom_data              eeprom_data  000000
__Hfarbss                   farbss       000000
__Hfardata                  fardata      000000
__Hheap                     heap         000000
__Hibigdata                 ibigdata     000000
__Hidata                    idata        000000
__Hidloc                    idloc        200008
__Hifardata                 ifardata     000000
__Hinit                     init         000026
__Hintcode                  intcode      000022
__Hintcode_body             intcode_body 000000
__Hintcodelo                intcodelo    000022
__Hintentry                 intentry     000000
__Hintret                   intret       000000
__Hintsave_regs             intsave_regs 000000
__Hirdata                   irdata       000000
__Hmediumconst              mediumconst  002000
__HnvFARRAM                 nvFARRAM     000000
__Hnvbit                    nvbit        000000
__Hnvrram                   nvrram       000000
__Hparam                    rparam       000000
__Hpowerup                  powerup      000022
__Hram                      ram          000000
__Hramtop                   ramtop       000100
__Hrbit                     rbit         000000
__Hrbss                     rbss         000000
__Hrdata                    rdata        000000
__Hreset_vec                reset_vec    000006
__Hrparam                   rparam       000000
__Hsfr                      sfr          000000
__Hsmallconst               smallconst   000000
__Hspace_0                  (abs)        002000
__Hspace_1                  (abs)        000025
__Hspace_2                  (abs)        000000
__Hspace_4                  (abs)        60000E
__Hstack                    stack        000000
__Hstruct                   struct       000000
__Htemp                     temp         000025
__Htext                     text         000000
__Htext0                    text0        000000
__Htext1                    text1        000000
__Htext10                   text10       000000
__Htext11                   text11       000000
__Htext2                    text2        000000
__Htext3                    text3        000000
__Htext4                    text4        000000
__Htext5                    text5        000000
__Htext6                    text6        000000
__Htext7                    text7        000000
__Htext8                    text8        000000
__Htext9                    text9        000000
__LRAM                      (abs)        000001
__Labs1                     abs1         000000
__Lbank0                    bank0        000000
__Lbigbss                   bigbss       000000
__Lbigdata                  bigdata      000000
__Lbigram                   bigram       000000
__Lbigsfr                   bigsfr       000000
__Lbss                      bss          000000
__LbssCOMRAM                bssCOMRAM    000000
__Lcinit                    cinit        000000
__Lclrtext                  clrtext      000000
__Lcomram                   comram       000000
__Lconfig                   config       000000
__Lconst                    const        000000
__LcstackCOMRAM             cstackCOMRAM 000000
__Ldata                     data         000000
__Leeprom_data              eeprom_data  000000
__Lfarbss                   farbss       000000
__Lfardata                  fardata      000000
__Lheap                     heap         000000
__Libigdata                 ibigdata     000000
__Lidata                    idata        000000
__Lidloc                    idloc        000000
__Lifardata                 ifardata     000000
__Linit                     init         000022
__Lintcode                  intcode      000008
__Lintcode_body             intcode_body 000000
__Lintcodelo                intcodelo    000022
__Lintentry                 intentry     000000
__Lintret                   intret       000000
__Lintsave_regs             intsave_regs 000000
__Lirdata                   irdata       000000
__Lmediumconst              mediumconst  001522
__LnvFARRAM                 nvFARRAM     000000
__Lnvbit                    nvbit        000000
__Lnvrram                   nvrram       000000
__Lparam                    rparam       000000
__Lpowerup                  powerup      000022
__Lram                      ram          000000
__Lramtop                   ramtop       000100
__Lrbit                     rbit         000000
__Lrbss                     rbss         000000
__Lrdata                    rdata        000000
__Lreset_vec                reset_vec    000000
__Lrparam                   rparam       000000
__Lsfr                      sfr          000000
__Lsmallconst               smallconst   000000
__Lspace_0                  (abs)        000000
__Lspace_1                  (abs)        000000
__Lspace_2                  (abs)        000000
__Lspace_4                  (abs)        000000
__Lstack                    stack        000000
__Lstruct                   struct       000000
__Ltemp                     temp         000024
__Ltext                     text         000000
__Ltext0                    text0        000000
__Ltext1                    text1        000000
__Ltext10                   text10       000000
__Ltext11                   text11       000000
__Ltext2                    text2        000000
__Ltext3                    text3        000000
__Ltext4                    text4        000000
__Ltext5                    text5        000000
__Ltext6                    text6        000000
__Ltext7                    text7        000000
__Ltext8                    text8        000000
__Ltext9                    text9        000000
__S0                        (abs)        002000
__S1                        (abs)        000025
__S4                        (abs)        000000
__S5                        (abs)        000000
___awdiv                    text4        000390
___awdiv@counter            cstackCOMRAM 000005
___awdiv@dividend           cstackCOMRAM 000001
___awdiv@divisor            cstackCOMRAM 000003
___awdiv@quotient           cstackCOMRAM 000007
___awdiv@sign               cstackCOMRAM 000006
___heap_hi                  (abs)        000000
___heap_lo                  (abs)        000000
___inthi_sp                 stack        000000
___intlo_sp                 stack        000000
___param_bank               (abs)        000000
___rparam_used              (abs)        000001
___sp                       stack        000000
__accesstop                 (abs)        000080
__activetblptr              (abs)        000002
__direction                 bssCOMRAM    000020
__end_of_AddLeftBlinks      text11       00030C
__end_of_AddRightBlinks     text10       00026C
__end_of_GetADCValue        text3        00010C
__end_of_GetCurrentValue    text2        0004E6
__end_of_InitApp            text9        000550
__end_of_InitInterrupt      text8        000532
__end_of_ReversOn           text5        0004BC
__end_of_Turn_49A           text1        0001CC
__end_of___awdiv            text4        000414
__end_of__initialization    cinit        000558
__end_of_hi_isr             intcode      000022
__end_of_main               text0        000390
__end_of_okay               mediumconst  001FFE
__end_of_play               text6        000472
__end_of_setPWM             text7        000510
__initialization            cinit        000550
__mediumconst               mediumconst  001522
__pbssCOMRAM                bssCOMRAM    000020
__pcinit                    cinit        000550
__pcstackCOMRAM             cstackCOMRAM 000001
__pintcode                  intcode      000008
__pmediumconst              mediumconst  001522
__ptext0                    text0        00030C
__ptext1                    text1        00010C
__ptext10                   text10       0001CC
__ptext11                   text11       00026C
__ptext2                    text2        0004BC
__ptext3                    text3        000026
__ptext4                    text4        000390
__ptext5                    text5        000472
__ptext6                    text6        000414
__ptext7                    text7        0004E6
__ptext8                    text8        000510
__ptext9                    text9        000532
__ramtop                    ramtop       000100
__smallconst                smallconst   000000
_hi_isr                     intcode      000008
_main                       text0        00030C
_okay                       mediumconst  001523
_play                       text6        000414
_setPWM                     text7        0004E6
_wait                       bssCOMRAM    000022
btemp                       temp         000024
end_of_initialization       cinit        000558
int$flags                   temp         000024
intlevel0                   text         000000
intlevel1                   text         000000
intlevel2                   text         000000
intlevel3                   text         000000
isa$std                     (abs)        000001
isa$xinst                   (abs)        000000
main@Reverse_in_value       cstackCOMRAM 00001E
main@_49A_in_value          cstackCOMRAM 00001C
play@i                      cstackCOMRAM 000009
play@size                   cstackCOMRAM 000005
play@sound                  cstackCOMRAM 000003
setPWM@sample               cstackCOMRAM 000002
stackhi                     (abs)        000000
stacklo                     (abs)        000000
start                       init         000022
start_initialization        cinit        000550
ttemp5                      temp         000025
ttemp6                      temp         000028
ttemp7                      temp         00002C
wtemp8                      temp         000025


MODULE INFORMATION

Module		Function		Class		Link	Load	Size
C:\Program Files\Microchip\xc8\v2.40\pic\sources\c99\common\awdiv.c
		___awdiv       		CODE           	0390	0000	132

C:\Program Files\Microchip\xc8\v2.40\pic\sources\c99\common\awdiv.c estimated size: 132

shared
		_okay          		MEDIUMCONST    	1523	0000	2779
		__initialization		CODE           	0550	0000	8

shared estimated size: 2787

user.c
		_InitInterrupt 		CODE           	0510	0000	34
		_GetCurrentValue		CODE           	04BC	0000	42
		_AddLeftBlinks 		CODE           	026C	0000	160
		_Turn_49A      		CODE           	010C	0000	192
		_ReversOn      		CODE           	0472	0000	74
		_InitApp       		CODE           	0532	0000	30
		_GetADCValue   		CODE           	0026	0000	230
		_AddRightBlinks		CODE           	01CC	0000	160

user.c estimated size: 922

main.c
		_main          		CODE           	030C	0000	132
		_hi_isr        		CODE           	0008	0000	26

main.c estimated size: 158

pwm_sound.c
		_play          		CODE           	0414	0000	94
		_setPWM        		CODE           	04E6	0000	42

pwm_sound.c estimated size: 136

